2026-09-29 17:02:22,966 [INFO] ============================================================
2026-09-29 17:02:22,966 [INFO] Starting Centralized 3D U-Net Baseline Experiment
2026-09-29 17:02:22,966 [INFO] ============================================================
2026-09-29 17:02:22,970 [INFO] Found 6 image cases and 6 label cases.
2026-09-29 17:02:22,971 [INFO] Dataset split: 4 training, 2 validation samples.
2026-09-29 17:02:22,971 [INFO] Initializing MONAI DataLoaders with intensity normalization and spatial resampling...
2026-09-29 17:02:23,016 [INFO] Instantiating 3D U-Net model on device: cpu
2026-09-29 17:02:23,068 [INFO] Starting training run: 2 epochs, lr=0.0001...
2026-09-29 17:02:26,535 [INFO] --------------------------------------------------
2026-09-29 17:02:26,535 [INFO] [OK] Training Completed in 3.47s (Avg 1.73s/epoch)
2026-09-29 17:02:26,535 [INFO]   • Final Training Loss   : 1.3649
2026-09-29 17:02:26,535 [INFO]   • Final Validation Loss : 1.2057
2026-09-29 17:02:26,535 [INFO]   • Final Validation Dice : 9.23%
2026-09-29 17:02:26,535 [INFO] --------------------------------------------------
2026-09-29 17:02:26,535 [INFO] Extracting 3D tumor slice visualization payload...
2026-09-29 17:02:27,559 [INFO] Saving experiment artifacts...
2026-09-29 17:02:27,608 [INFO]   [OK] Saved checkpoint: experiments\outputs\centralized\checkpoint.pt
2026-09-29 17:02:27,691 [INFO]   [OK] Saved metrics JSON: experiments\outputs\centralized\metrics.json
2026-09-29 17:02:27,754 [INFO]   [OK] Saved visualization payload: experiments\outputs\centralized\visualization.json
2026-09-29 17:02:27,754 [INFO] ============================================================
2026-09-29 17:02:27,754 [INFO] Centralized Baseline Experiment Finished Successfully!
2026-09-29 17:02:27,754 [INFO] ============================================================
